[sv-inner] conv2d_sgemm_total=0.5ms conv2d_f16_fmlal_total=216.6ms aff_w1=5.2ms(18次) aff_w2=5.9ms blk_conv1=6.0ms(S=58960) T=737
[sv-f16rank] #0 x4     72.4ms(cum   72.4) 192,40,369 k1s1->512
[sv-f16rank] #1 x3     57.3ms(cum  129.7) 96,80,737 k1s1->256
[sv-f16rank] #2 x12     47.6ms(cum  177.3) 24,80,737 k3s3->24
[sv-f16rank] #3 x1     14.1ms(cum  191.4) 64,80,737 k1s1->256
[sv-f16rank] #4 x1      8.5ms(cum  200.0) 256,80,737 k1s1->192
[sv-f16rank] #5 x1      8.5ms(cum  208.4) 512,40,369 k1s1->384
[sv-f16rank] #6 x1      8.2ms(cum  216.6) 1024,20,185 k1s1->768
[refenc-timing] spectral=2.2ms temporal_conv=64.8ms qkv_lin=0.5ms attn_core=15.7ms attfc=0.2ms fc_pool=1.0ms T=369
[cond-timing] spectrogram=3.0ms transpose=0.2ms ref_enc=84.3ms svproj_prelu=1.4ms ge_to512=0.1ms TOTAL=89.0ms frames=369
[hubert-seg] cnn_stack=333.7ms(pos_conv=56.5ms enc_ln98.8ms) sdpa=459.5ms
[hubert-sdpa] sdpa_total=459.5ms T=399 layers=12
[hubert-conv] total_gemm=252.9ms
[hubert-conv] L0 c1*len127894 k10s5 -> out[c512,len25577] fmlal=9.6ms
[hubert-conv] L1 c512*len25577 k3s2 -> out[c512,len12788] fmlal=131.9ms
[hubert-conv] L2 c512*len12788 k3s2 -> out[c512,len6393] fmlal=61.1ms
[hubert-conv] L3 c512*len6393 k3s2 -> out[c512,len3196] fmlal=27.9ms
[hubert-conv] L4 c512*len3196 k3s2 -> out[c512,len1597] fmlal=15.8ms
[hubert-conv] L5 c512*len1597 k2s2 -> out[c512,len798] fmlal=4.5ms
[hubert-conv] L6 c512*len798 k2s2 -> out[c512,len399] fmlal=2.2ms
[ref-timing] sv.forward3=5569ms(737帧) cond=92ms hubert.run=949ms(T=399) 前处理(resample+fbank+load)=14ms 合计=6623ms
[ref-timing] extract_latent=81ms(Tq=199) = open1 + proj1 + rvq80
输出: .tmp/e13_out.wav (2.86 秒 @32000 Hz, 1 段)
参考: prompt_semantic=199, ge/ge_text 已构建
  段00 phones=23 tokens=64 ar=611ms voc=494ms eos=1
计时: load=263ms infer=8035ms RTF=2.810 首包≈8035ms
