[sv-amx] 256x80x737 k=1x1 s1 -> out[96,S=58960]
[sv-amx] 256x80x737 k=1x1 s1 -> out[96,S=58960]
[sv-amx] 48x40x369 k=3x3 s1 -> out[48,S=14760]
[sv-amx] 48x40x369 k=3x3 s1 -> out[48,S=14760]
[sv-amx] 48x40x369 k=3x3 s1 -> out[48,S=14760]
[sv-amx] 48x40x369 k=3x3 s1 -> out[48,S=14760]
[sv-amx] 256x80x737 k=1x1 s2 -> out[512,S=14760]
[sv-amx] 512x40x369 k=1x1 s1 -> out[192,S=14760]
[sv-amx] 48x40x369 k=3x3 s1 -> out[48,S=14760]
[sv-amx] 48x40x369 k=3x3 s1 -> out[48,S=14760]
[sv-amx] 48x40x369 k=3x3 s1 -> out[48,S=14760]
[sv-amx] 48x40x369 k=3x3 s1 -> out[48,S=14760]
[sv-amx] 512x40x369 k=1x1 s1 -> out[192,S=14760]
[sv-amx] 48x40x369 k=3x3 s1 -> out[48,S=14760]
[sv-amx] 48x40x369 k=3x3 s1 -> out[48,S=14760]
[sv-amx] 48x40x369 k=3x3 s1 -> out[48,S=14760]
[sv-amx] 48x40x369 k=3x3 s1 -> out[48,S=14760]
[sv-amx] 512x40x369 k=1x1 s1 -> out[192,S=14760]
[sv-amx] 48x40x369 k=3x3 s1 -> out[48,S=14760]
[sv-amx] 48x40x369 k=3x3 s1 -> out[48,S=14760]
[sv-amx] 48x40x369 k=3x3 s1 -> out[48,S=14760]
[sv-amx] 48x40x369 k=3x3 s1 -> out[48,S=14760]
[sv-amx] 96x20x185 k=3x3 s1 -> out[96,S=3700]
[sv-amx] 96x20x185 k=3x3 s1 -> out[96,S=3700]
[sv-amx] 96x20x185 k=3x3 s1 -> out[96,S=3700]
[sv-amx] 96x20x185 k=3x3 s1 -> out[96,S=3700]
[sv-amx] 384x20x185 k=1x1 s1 -> out[1024,S=3700]
[sv-amx] 512x40x369 k=1x1 s2 -> out[1024,S=3700]
[sv-amx] 1024x20x185 k=1x1 s1 -> out[384,S=3700]
[sv-amx] 96x20x185 k=3x3 s1 -> out[96,S=3700]
[sv-amx] 96x20x185 k=3x3 s1 -> out[96,S=3700]
[sv-amx] 96x20x185 k=3x3 s1 -> out[96,S=3700]
[sv-amx] 96x20x185 k=3x3 s1 -> out[96,S=3700]
[sv-amx] 384x20x185 k=1x1 s1 -> out[1024,S=3700]
[sv-amx] 1024x20x185 k=1x1 s1 -> out[384,S=3700]
[sv-amx] 96x20x185 k=3x3 s1 -> out[96,S=3700]
[sv-amx] 96x20x185 k=3x3 s1 -> out[96,S=3700]
[sv-amx] 96x20x185 k=3x3 s1 -> out[96,S=3700]
[sv-amx] 96x20x185 k=3x3 s1 -> out[96,S=3700]
[sv-amx] 384x20x185 k=1x1 s1 -> out[1024,S=3700]
[sv-amx] 1024x20x185 k=1x1 s1 -> out[384,S=3700]
[sv-amx] 96x20x185 k=3x3 s1 -> out[96,S=3700]
[sv-amx] 96x20x185 k=3x3 s1 -> out[96,S=3700]
[sv-amx] 96x20x185 k=3x3 s1 -> out[96,S=3700]
[sv-amx] 96x20x185 k=3x3 s1 -> out[96,S=3700]
[sv-amx] 384x20x185 k=1x1 s1 -> out[1024,S=3700]
[sv-amx] 1024x20x185 k=1x1 s1 -> out[384,S=3700]
[sv-amx] 96x20x185 k=3x3 s1 -> out[96,S=3700]
[sv-amx] 96x20x185 k=3x3 s1 -> out[96,S=3700]
[sv-amx] 96x20x185 k=3x3 s1 -> out[96,S=3700]
[sv-amx] 96x20x185 k=3x3 s1 -> out[96,S=3700]
[sv-amx] 384x20x185 k=1x1 s1 -> out[1024,S=3700]
[sv-amx] 1024x20x185 k=1x1 s1 -> out[384,S=3700]
[sv-amx] 96x20x185 k=3x3 s1 -> out[96,S=3700]
[sv-amx] 96x20x185 k=3x3 s1 -> out[96,S=3700]
[sv-amx] 96x20x185 k=3x3 s1 -> out[96,S=3700]
[sv-amx] 96x20x185 k=3x3 s1 -> out[96,S=3700]
[sv-amx] 384x20x185 k=1x1 s1 -> out[1024,S=3700]
[sv-amx] 192x10x93 k=3x3 s1 -> out[192,S=930]
[sv-amx] 192x10x93 k=3x3 s1 -> out[192,S=930]
[sv-amx] 192x10x93 k=3x3 s1 -> out[192,S=930]
[sv-amx] 192x10x93 k=3x3 s1 -> out[192,S=930]
[sv-amx] 768x10x93 k=1x1 s1 -> out[2048,S=930]
[sv-amx] 1024x20x185 k=1x1 s2 -> out[2048,S=930]
[sv-amx] 2048x10x93 k=1x1 s1 -> out[768,S=930]
[sv-amx] 192x10x93 k=3x3 s1 -> out[192,S=930]
[sv-amx] 192x10x93 k=3x3 s1 -> out[192,S=930]
[sv-amx] 192x10x93 k=3x3 s1 -> out[192,S=930]
[sv-amx] 192x10x93 k=3x3 s1 -> out[192,S=930]
[sv-amx] 768x10x93 k=1x1 s1 -> out[2048,S=930]
[sv-amx] 2048x10x93 k=1x1 s1 -> out[768,S=930]
[sv-amx] 192x10x93 k=3x3 s1 -> out[192,S=930]
[sv-amx] 192x10x93 k=3x3 s1 -> out[192,S=930]
[sv-amx] 192x10x93 k=3x3 s1 -> out[192,S=930]
[sv-amx] 192x10x93 k=3x3 s1 -> out[192,S=930]
[sv-amx] 768x10x93 k=1x1 s1 -> out[2048,S=930]
[sv-amx] 1024x20x185 k=3x3 s2 -> out[2048,S=930]
[ref-timing] sv.forward3=2777ms(737帧) cond=92ms hubert.run=920ms(T=399) 前处理(resample+fbank+load)=13ms 合计=3803ms
输出: .tmp/e13_out.wav (2.70 秒 @32000 Hz, 1 段)
参考: prompt_semantic=199, ge/ge_text 已构建
  段00 phones=23 tokens=60 ar=557ms voc=309ms eos=1
计时: load=272ms infer=4970ms RTF=1.841 首包≈4970ms
