AR split-K: enabled (实验开关)
AR fp16: kv=1 gemv=1 (实验开关)
[ref-timing] sv.forward3=16691ms(737帧) cond=60ms hubert.run=8089ms(T=399) 前处理(resample+fbank+load)=370ms 并行总耗时=17121ms (串行估算=25397ms)
[ref-timing] extract_latent=186ms(Tq=199) = open183 + proj1 + rvq2
[ar-timing] T=85 P=199 S=284 steps=64 prefill=144.33ms (wqkv=11.1 sdpa=86.5 wout=5.4 w1=22.2 w2=15.3 ln=3.8) decode=204.31ms (3.192 ms/tok, CPU=0.81s/0.20s wall, avg 4.0 cores, splitk=1)
[ar-breakdown] seg=00 | wait_tf=31567.83ms prep=6.55ms prefill=144.33ms decode=204.31ms (tok=64, 3.192ms/tok) noise=0.15ms | ar_wall=374.90ms | voc_overlap=0.00ms
[ar-timing] T=71 P=199 S=270 steps=38 prefill=96.04ms (wqkv=9.2 sdpa=40.3 wout=5.4 w1=21.5 w2=16.2 ln=3.4) decode=193.56ms (5.094 ms/tok, CPU=1.33s/0.19s wall, avg 6.9 cores, splitk=1)
[ar-breakdown] seg=01 | wait_tf=0.00ms prep=0.63ms prefill=96.04ms decode=193.56ms (tok=38, 5.094ms/tok) noise=0.26ms | ar_wall=290.57ms | voc_overlap=290.56ms
[pipeline] 警告: 混合/英文段 word2ph(4)!=字符数(5), 该段 BERT 特征置零 (夜色渐深,)
[voc-breakdown] seg=00 | voc_wall=505.98ms frames=80640
[ar-timing] T=71 P=199 S=270 steps=38 prefill=191.98ms (wqkv=21.2 sdpa=70.7 wout=20.9 w1=43.6 w2=31.6 ln=3.9) decode=191.44ms (5.038 ms/tok, CPU=1.23s/0.19s wall, avg 6.4 cores, splitk=1)
[ar-breakdown] seg=02 | wait_tf=0.01ms prep=2.43ms prefill=191.98ms decode=191.44ms (tok=38, 5.038ms/tok) noise=0.10ms | ar_wall=386.01ms | voc_overlap=385.75ms
[voc-breakdown] seg=01 | voc_wall=249.66ms frames=47360
[voc-breakdown] seg=02 | voc_wall=212.48ms frames=47360
[ar-timing] T=81 P=199 S=280 steps=49 prefill=187.12ms (wqkv=29.0 sdpa=69.3 wout=14.7 w1=36.5 w2=33.4 ln=4.2) decode=188.72ms (3.851 ms/tok, CPU=1.06s/0.19s wall, avg 5.6 cores, splitk=1)
[ar-breakdown] seg=03 | wait_tf=0.00ms prep=0.61ms prefill=187.12ms decode=188.72ms (tok=49, 3.851ms/tok) noise=0.12ms | ar_wall=376.60ms | voc_overlap=291.73ms
[voc-breakdown] seg=03 | voc_wall=356.35ms frames=61440
[ar-timing] T=79 P=199 S=278 steps=67 prefill=228.62ms (wqkv=26.1 sdpa=87.6 wout=20.3 w1=50.9 w2=38.6 ln=5.0) decode=264.67ms (3.950 ms/tok, CPU=1.41s/0.26s wall, avg 5.3 cores, splitk=1)
[ar-breakdown] seg=04 | wait_tf=0.00ms prep=0.53ms prefill=228.62ms decode=264.67ms (tok=67, 3.950ms/tok) noise=0.16ms | ar_wall=494.03ms | voc_overlap=356.35ms
[ar-timing] T=70 P=199 S=269 steps=30 prefill=201.02ms (wqkv=21.8 sdpa=64.7 wout=16.8 w1=41.3 w2=52.0 ln=4.2) decode=140.84ms (4.695 ms/tok, CPU=1.01s/0.14s wall, avg 7.2 cores, splitk=1)
[ar-breakdown] seg=05 | wait_tf=0.00ms prep=0.52ms prefill=201.02ms decode=140.84ms (tok=30, 4.695ms/tok) noise=0.07ms | ar_wall=342.49ms | voc_overlap=342.48ms
[voc-breakdown] seg=04 | voc_wall=418.44ms frames=84480
[voc-breakdown] seg=05 | voc_wall=174.28ms frames=37120
[ar-timing] T=75 P=199 S=274 steps=38 prefill=178.62ms (wqkv=25.8 sdpa=64.3 wout=13.1 w1=37.5 w2=33.4 ln=4.5) decode=157.52ms (4.145 ms/tok, CPU=0.82s/0.16s wall, avg 5.2 cores, splitk=1)
[ar-breakdown] seg=06 | wait_tf=0.00ms prep=1.37ms prefill=178.62ms decode=157.52ms (tok=38, 4.145ms/tok) noise=0.09ms | ar_wall=337.65ms | voc_overlap=250.23ms
[voc-breakdown] seg=06 | voc_wall=215.48ms frames=47360
[ar-timing] T=85 P=199 S=284 steps=75 prefill=201.42ms (wqkv=23.2 sdpa=74.7 wout=18.6 w1=45.2 w2=35.1 ln=4.5) decode=250.52ms (3.340 ms/tok, CPU=1.02s/0.25s wall, avg 4.1 cores, splitk=1)
[ar-breakdown] seg=07 | wait_tf=0.00ms prep=0.58ms prefill=201.42ms decode=250.52ms (tok=75, 3.340ms/tok) noise=0.18ms | ar_wall=452.74ms | voc_overlap=215.48ms
[voc-breakdown] seg=07 | voc_wall=456.88ms frames=94720
[ar-timing] T=85 P=199 S=284 steps=64 prefill=208.66ms (wqkv=26.4 sdpa=66.6 wout=13.3 w1=44.6 w2=53.3 ln=4.4) decode=305.21ms (4.769 ms/tok, CPU=1.95s/0.31s wall, avg 6.4 cores, splitk=1)
[ar-breakdown] seg=08 | wait_tf=0.00ms prep=0.57ms prefill=208.66ms decode=305.21ms (tok=64, 4.769ms/tok) noise=0.16ms | ar_wall=514.64ms | voc_overlap=456.88ms
[voc-breakdown] seg=08 | voc_wall=400.14ms frames=80640
[ar-timing] T=79 P=199 S=278 steps=52 prefill=229.15ms (wqkv=27.7 sdpa=73.2 wout=16.9 w1=49.2 w2=57.8 ln=4.3) decode=233.02ms (4.481 ms/tok, CPU=1.42s/0.23s wall, avg 6.1 cores, splitk=1)
[ar-breakdown] seg=09 | wait_tf=0.00ms prep=0.54ms prefill=229.15ms decode=233.02ms (tok=52, 4.481ms/tok) noise=0.13ms | ar_wall=462.90ms | voc_overlap=400.14ms
[voc-breakdown] seg=09 | voc_wall=294.13ms frames=65280
[ar-timing] T=71 P=199 S=270 steps=33 prefill=190.63ms (wqkv=26.4 sdpa=62.0 wout=13.8 w1=42.4 w2=41.7 ln=4.3) decode=141.31ms (4.282 ms/tok, CPU=0.87s/0.14s wall, avg 6.2 cores, splitk=1)
[ar-breakdown] seg=10 | wait_tf=0.00ms prep=0.52ms prefill=190.63ms decode=141.31ms (tok=33, 4.282ms/tok) noise=0.07ms | ar_wall=332.56ms | voc_overlap=294.13ms
[voc-breakdown] seg=10 | voc_wall=258.44ms frames=40960
[ar-timing] T=79 P=199 S=278 steps=46 prefill=206.91ms (wqkv=30.8 sdpa=77.5 wout=15.0 w1=36.6 w2=42.6 ln=4.3) decode=181.81ms (3.952 ms/tok, CPU=0.87s/0.18s wall, avg 4.8 cores, splitk=1)
[ar-breakdown] seg=11 | wait_tf=0.00ms prep=0.53ms prefill=206.91ms decode=181.81ms (tok=46, 3.952ms/tok) noise=0.11ms | ar_wall=389.40ms | voc_overlap=258.44ms
[voc-breakdown] seg=11 | voc_wall=256.97ms frames=57600
[ar-timing] T=81 P=199 S=280 steps=56 prefill=198.32ms (wqkv=25.8 sdpa=65.7 wout=14.9 w1=50.5 w2=36.6 ln=4.7) decode=206.11ms (3.681 ms/tok, CPU=0.97s/0.21s wall, avg 4.7 cores, splitk=1)
[ar-breakdown] seg=12 | wait_tf=0.00ms prep=0.50ms prefill=198.32ms decode=206.11ms (tok=56, 3.681ms/tok) noise=0.13ms | ar_wall=405.10ms | voc_overlap=256.97ms
[voc-breakdown] seg=12 | voc_wall=242.31ms frames=70400
输出: /dev/null (29.38 秒 @32000 Hz, 13 段)
参考: prompt_semantic=199, ge/ge_text 已构建
  段00 phones=23 tokens=63 ar=375ms voc=506ms eos=1
  段01 phones=9 tokens=37 ar=291ms voc=250ms eos=1
  段02 phones=9 tokens=37 ar=386ms voc=212ms eos=1
  段03 phones=19 tokens=48 ar=377ms voc=356ms eos=1
  段04 phones=17 tokens=66 ar=494ms voc=418ms eos=1
  段05 phones=8 tokens=29 ar=342ms voc=174ms eos=1
  段06 phones=13 tokens=37 ar=338ms voc=215ms eos=1
  段07 phones=23 tokens=74 ar=453ms voc=457ms eos=1
  段08 phones=23 tokens=63 ar=515ms voc=400ms eos=1
  段09 phones=17 tokens=51 ar=463ms voc=294ms eos=1
  段10 phones=9 tokens=32 ar=333ms voc=258ms eos=1
  段11 phones=17 tokens=45 ar=389ms voc=257ms eos=1
  段12 phones=19 tokens=55 ar=405ms voc=242ms eos=1
计时: load=59912ms infer=54349ms RTF=1.850 首包≈49828ms
