Loading Text2Semantic weights from /Volumes/2T/wt-gsv/AR/pretrained_models/s1v3.ckpt
Loading VITS weights from /Volumes/2T/wt-gsv/AR/pretrained_models/v2Pro/s2Gv2ProPlus.pth. <All keys matched successfully>
Removing weight norm...
Loading BERT weights from /Volumes/2T/wt-gsv/AR/pretrained_models/chinese-roberta-wwm-ext-large
Loading CNHuBERT weights from /Volumes/2T/wt-gsv/AR/pretrained_models/chinese-hubert-base
Set seed to 1004774257
T2S朴素推理模式已开启
Bucket Processing Mode Enabled
VITS串行推理模式已开启
Actual Input Reference Text: 就是客人的重要度划分，分为胡桃竹木四级，往往级别越高，往来就越密。
############ 推理 ############
Processed text from the frontend (per sentence): ['毛肚脆爽,']
############ Predict Semantic Token ############
############ Synthesize Audio ############
前半段批量合成中...
Processed text from the frontend (per sentence): ['牛油翻滚.']
############ Predict Semantic Token ############
############ Synthesize Audio ############
前半段批量合成中...
Processed text from the frontend (per sentence): ['夜色渐深,']
############ Predict Semantic Token ############
############ Synthesize Audio ############
前半段批量合成中...
Processed text from the frontend (per sentence): ['吃完火锅,']
############ Predict Semantic Token ############
############ Synthesize Audio ############
前半段批量合成中...
Processed text from the frontend (per sentence): ['街边灯火通明,']
############ Predict Semantic Token ############
############ Synthesize Audio ############
前半段批量合成中...
Processed text from the frontend (per sentence): ['九宫格里红汤沸腾.']
############ Predict Semantic Token ############
############ Synthesize Audio ############
前半段批量合成中...
Processed text from the frontend (per sentence): ['麻辣鲜香暖到心底.']
############ Predict Semantic Token ############
############ Synthesize Audio ############
前半段批量合成中...
Processed text from the frontend (per sentence): ['再来一碗冰粉解辣,']
############ Predict Semantic Token ############
############ Synthesize Audio ############
前半段批量合成中...
Processed text from the frontend (per sentence): ['老板娘招呼客人入座,']
############ Predict Semantic Token ############
############ Synthesize Audio ############
前半段批量合成中...
Processed text from the frontend (per sentence): ['惬意的生活不过如此.']
############ Predict Semantic Token ############
############ Synthesize Audio ############
前半段批量合成中...
Processed text from the frontend (per sentence): ['重庆的火锅店终于开张了,']
############ Predict Semantic Token ############
############ Synthesize Audio ############
前半段批量合成中...
Processed text from the frontend (per sentence): ['食客们的谈笑声此起彼伏.']
############ Predict Semantic Token ############
############ Synthesize Audio ############
前半段批量合成中...
Processed text from the frontend (per sentence): ['这才是山城独有的烟火气,']
############ Predict Semantic Token ############
############ Synthesize Audio ############
前半段批量合成中...
19.594	0.384	5.721	4.537
NOPAR r0 wall=30.77s audio=26.74s RTF=1.151
Set seed to 502782774
T2S朴素推理模式已开启
Bucket Processing Mode Enabled
VITS串行推理模式已开启
Actual Input Reference Text: 就是客人的重要度划分，分为胡桃竹木四级，往往级别越高，往来就越密。
############ 推理 ############
Processed text from the frontend (per sentence): ['毛肚脆爽,']
############ Predict Semantic Token ############
############ Synthesize Audio ############
前半段批量合成中...
Processed text from the frontend (per sentence): ['牛油翻滚.']
############ Predict Semantic Token ############
############ Synthesize Audio ############
前半段批量合成中...
Processed text from the frontend (per sentence): ['夜色渐深,']
############ Predict Semantic Token ############
############ Synthesize Audio ############
前半段批量合成中...
Processed text from the frontend (per sentence): ['吃完火锅,']
############ Predict Semantic Token ############
############ Synthesize Audio ############
前半段批量合成中...
Processed text from the frontend (per sentence): ['街边灯火通明,']
############ Predict Semantic Token ############
############ Synthesize Audio ############
前半段批量合成中...
Processed text from the frontend (per sentence): ['九宫格里红汤沸腾.']
############ Predict Semantic Token ############
############ Synthesize Audio ############
前半段批量合成中...
Processed text from the frontend (per sentence): ['麻辣鲜香暖到心底.']
############ Predict Semantic Token ############
############ Synthesize Audio ############
前半段批量合成中...
Processed text from the frontend (per sentence): ['再来一碗冰粉解辣,']
############ Predict Semantic Token ############
############ Synthesize Audio ############
前半段批量合成中...
Processed text from the frontend (per sentence): ['老板娘招呼客人入座,']
############ Predict Semantic Token ############
############ Synthesize Audio ############
前半段批量合成中...
Processed text from the frontend (per sentence): ['惬意的生活不过如此.']
############ Predict Semantic Token ############
############ Synthesize Audio ############
前半段批量合成中...
Processed text from the frontend (per sentence): ['重庆的火锅店终于开张了,']
############ Predict Semantic Token ############
############ Synthesize Audio ############
前半段批量合成中...
Processed text from the frontend (per sentence): ['食客们的谈笑声此起彼伏.']
############ Predict Semantic Token ############
############ Synthesize Audio ############
前半段批量合成中...
Processed text from the frontend (per sentence): ['这才是山城独有的烟火气,']
############ Predict Semantic Token ############
############ Synthesize Audio ############
前半段批量合成中...
0.000	0.401	5.574	4.315
NOPAR r1 wall=10.36s audio=27.62s RTF=0.375
Set seed to 979198387
T2S朴素推理模式已开启
Bucket Processing Mode Enabled
VITS串行推理模式已开启
Actual Input Reference Text: 就是客人的重要度划分，分为胡桃竹木四级，往往级别越高，往来就越密。
############ 推理 ############
Processed text from the frontend (per sentence): ['毛肚脆爽,']
############ Predict Semantic Token ############
############ Synthesize Audio ############
前半段批量合成中...
Processed text from the frontend (per sentence): ['牛油翻滚.']
############ Predict Semantic Token ############
############ Synthesize Audio ############
前半段批量合成中...
Processed text from the frontend (per sentence): ['夜色渐深,']
############ Predict Semantic Token ############
############ Synthesize Audio ############
前半段批量合成中...
Processed text from the frontend (per sentence): ['吃完火锅,']
############ Predict Semantic Token ############
############ Synthesize Audio ############
前半段批量合成中...
Processed text from the frontend (per sentence): ['街边灯火通明,']
############ Predict Semantic Token ############
############ Synthesize Audio ############
前半段批量合成中...
Processed text from the frontend (per sentence): ['九宫格里红汤沸腾.']
############ Predict Semantic Token ############
############ Synthesize Audio ############
前半段批量合成中...
Processed text from the frontend (per sentence): ['麻辣鲜香暖到心底.']
############ Predict Semantic Token ############
############ Synthesize Audio ############
前半段批量合成中...
Processed text from the frontend (per sentence): ['再来一碗冰粉解辣,']
############ Predict Semantic Token ############
############ Synthesize Audio ############
前半段批量合成中...
Processed text from the frontend (per sentence): ['老板娘招呼客人入座,']
############ Predict Semantic Token ############
############ Synthesize Audio ############
前半段批量合成中...
Processed text from the frontend (per sentence): ['惬意的生活不过如此.']
############ Predict Semantic Token ############
############ Synthesize Audio ############
前半段批量合成中...
Processed text from the frontend (per sentence): ['重庆的火锅店终于开张了,']
############ Predict Semantic Token ############
############ Synthesize Audio ############
前半段批量合成中...
Processed text from the frontend (per sentence): ['食客们的谈笑声此起彼伏.']
############ Predict Semantic Token ############
############ Synthesize Audio ############
前半段批量合成中...
Processed text from the frontend (per sentence): ['这才是山城独有的烟火气,']
############ Predict Semantic Token ############
############ Synthesize Audio ############
前半段批量合成中...
0.000	0.398	6.092	5.001
NOPAR r2 wall=11.56s audio=28.02s RTF=0.413
Set seed to 3015156150
T2S朴素推理模式已开启
Bucket Processing Mode Enabled
VITS串行推理模式已开启
Actual Input Reference Text: 就是客人的重要度划分，分为胡桃竹木四级，往往级别越高，往来就越密。
############ 推理 ############
Processed text from the frontend (per sentence): ['毛肚脆爽,']
############ Predict Semantic Token ############
############ Synthesize Audio ############
前半段批量合成中...
Processed text from the frontend (per sentence): ['牛油翻滚.']
############ Predict Semantic Token ############
############ Synthesize Audio ############
前半段批量合成中...
Processed text from the frontend (per sentence): ['夜色渐深,']
############ Predict Semantic Token ############
############ Synthesize Audio ############
前半段批量合成中...
Processed text from the frontend (per sentence): ['吃完火锅,']
############ Predict Semantic Token ############
############ Synthesize Audio ############
前半段批量合成中...
Processed text from the frontend (per sentence): ['街边灯火通明,']
############ Predict Semantic Token ############
############ Synthesize Audio ############
前半段批量合成中...
Processed text from the frontend (per sentence): ['九宫格里红汤沸腾.']
############ Predict Semantic Token ############
############ Synthesize Audio ############
前半段批量合成中...
Processed text from the frontend (per sentence): ['麻辣鲜香暖到心底.']
############ Predict Semantic Token ############
############ Synthesize Audio ############
前半段批量合成中...
Processed text from the frontend (per sentence): ['再来一碗冰粉解辣,']
############ Predict Semantic Token ############
############ Synthesize Audio ############
前半段批量合成中...
Processed text from the frontend (per sentence): ['老板娘招呼客人入座,']
############ Predict Semantic Token ############
############ Synthesize Audio ############
前半段批量合成中...
Processed text from the frontend (per sentence): ['惬意的生活不过如此.']
############ Predict Semantic Token ############
############ Synthesize Audio ############
前半段批量合成中...
Processed text from the frontend (per sentence): ['重庆的火锅店终于开张了,']
############ Predict Semantic Token ############
############ Synthesize Audio ############
前半段批量合成中...
Processed text from the frontend (per sentence): ['食客们的谈笑声此起彼伏.']
############ Predict Semantic Token ############
############ Synthesize Audio ############
前半段批量合成中...
Processed text from the frontend (per sentence): ['这才是山城独有的烟火气,']
############ Predict Semantic Token ############
############ Synthesize Audio ############
前半段批量合成中...
0.000	0.408	6.307	4.861
NOPAR r3 wall=11.65s audio=28.74s RTF=0.405
DONE
