Loading Text2Semantic weights from /Volumes/2T/wt-gsv/AR/pretrained_models/s1v3.ckpt
Loading VITS weights from /Volumes/2T/wt-gsv/AR/pretrained_models/v2Pro/s2Gv2ProPlus.pth. <All keys matched successfully>
Removing weight norm...
Loading BERT weights from /Volumes/2T/wt-gsv/AR/pretrained_models/chinese-roberta-wwm-ext-large
Loading CNHuBERT weights from /Volumes/2T/wt-gsv/AR/pretrained_models/chinese-hubert-base
LOAD_MODEL 7.17s
Set seed to 3520920047
T2S并行推理模式已开启
Bucket Processing Mode Enabled
VITS并行推理模式已开启
Actual Input Reference Text: 就是客人的重要度划分，分为胡桃竹木四级，往往级别越高，往来就越密。
############ 推理 ############
Processed text from the frontend (per sentence): ['毛肚脆爽,']
############ Predict Semantic Token ############
############ Synthesize Audio ############
Parallel Synthesis in Progress...
Processed text from the frontend (per sentence): ['牛油翻滚.']
############ Predict Semantic Token ############
############ Synthesize Audio ############
Parallel Synthesis in Progress...
Processed text from the frontend (per sentence): ['夜色渐深,']
############ Predict Semantic Token ############
############ Synthesize Audio ############
Parallel Synthesis in Progress...
Processed text from the frontend (per sentence): ['吃完火锅,']
############ Predict Semantic Token ############
############ Synthesize Audio ############
Parallel Synthesis in Progress...
Processed text from the frontend (per sentence): ['街边灯火通明,']
############ Predict Semantic Token ############
############ Synthesize Audio ############
Parallel Synthesis in Progress...
Processed text from the frontend (per sentence): ['九宫格里红汤沸腾.']
############ Predict Semantic Token ############
############ Synthesize Audio ############
Parallel Synthesis in Progress...
Processed text from the frontend (per sentence): ['麻辣鲜香暖到心底.']
############ Predict Semantic Token ############
############ Synthesize Audio ############
Parallel Synthesis in Progress...
Processed text from the frontend (per sentence): ['再来一碗冰粉解辣,']
############ Predict Semantic Token ############
############ Synthesize Audio ############
Parallel Synthesis in Progress...
Processed text from the frontend (per sentence): ['老板娘招呼客人入座,']
############ Predict Semantic Token ############
############ Synthesize Audio ############
Parallel Synthesis in Progress...
Processed text from the frontend (per sentence): ['惬意的生活不过如此.']
############ Predict Semantic Token ############
############ Synthesize Audio ############
Parallel Synthesis in Progress...
Processed text from the frontend (per sentence): ['重庆的火锅店终于开张了,']
############ Predict Semantic Token ############
############ Synthesize Audio ############
Parallel Synthesis in Progress...
Processed text from the frontend (per sentence): ['食客们的谈笑声此起彼伏.']
############ Predict Semantic Token ############
############ Synthesize Audio ############
Parallel Synthesis in Progress...
Processed text from the frontend (per sentence): ['这才是山城独有的烟火气,']
############ Predict Semantic Token ############
############ Synthesize Audio ############
Parallel Synthesis in Progress...
10.815	0.377	4.913	3.769
RUN0 wall=20.55s audio=26.30s RTF=0.781
Set seed to 686389975
T2S并行推理模式已开启
Bucket Processing Mode Enabled
VITS并行推理模式已开启
Actual Input Reference Text: 就是客人的重要度划分，分为胡桃竹木四级，往往级别越高，往来就越密。
############ 推理 ############
Processed text from the frontend (per sentence): ['毛肚脆爽,']
############ Predict Semantic Token ############
############ Synthesize Audio ############
Parallel Synthesis in Progress...
Processed text from the frontend (per sentence): ['牛油翻滚.']
############ Predict Semantic Token ############
############ Synthesize Audio ############
Parallel Synthesis in Progress...
Processed text from the frontend (per sentence): ['夜色渐深,']
############ Predict Semantic Token ############
############ Synthesize Audio ############
Parallel Synthesis in Progress...
Processed text from the frontend (per sentence): ['吃完火锅,']
############ Predict Semantic Token ############
############ Synthesize Audio ############
Parallel Synthesis in Progress...
Processed text from the frontend (per sentence): ['街边灯火通明,']
############ Predict Semantic Token ############
############ Synthesize Audio ############
Parallel Synthesis in Progress...
Processed text from the frontend (per sentence): ['九宫格里红汤沸腾.']
############ Predict Semantic Token ############
############ Synthesize Audio ############
Parallel Synthesis in Progress...
Processed text from the frontend (per sentence): ['麻辣鲜香暖到心底.']
############ Predict Semantic Token ############
############ Synthesize Audio ############
Parallel Synthesis in Progress...
Processed text from the frontend (per sentence): ['再来一碗冰粉解辣,']
############ Predict Semantic Token ############
############ Synthesize Audio ############
Parallel Synthesis in Progress...
Processed text from the frontend (per sentence): ['老板娘招呼客人入座,']
############ Predict Semantic Token ############
############ Synthesize Audio ############
Parallel Synthesis in Progress...
Processed text from the frontend (per sentence): ['惬意的生活不过如此.']
############ Predict Semantic Token ############
############ Synthesize Audio ############
Parallel Synthesis in Progress...
Processed text from the frontend (per sentence): ['重庆的火锅店终于开张了,']
############ Predict Semantic Token ############
############ Synthesize Audio ############
Parallel Synthesis in Progress...
Processed text from the frontend (per sentence): ['食客们的谈笑声此起彼伏.']
############ Predict Semantic Token ############
############ Synthesize Audio ############
Parallel Synthesis in Progress...
Processed text from the frontend (per sentence): ['这才是山城独有的烟火气,']
############ Predict Semantic Token ############
############ Synthesize Audio ############
Parallel Synthesis in Progress...
0.000	0.339	4.919	3.631
RUN1 wall=8.95s audio=27.10s RTF=0.330
Set seed to 3245960734
T2S并行推理模式已开启
Bucket Processing Mode Enabled
VITS并行推理模式已开启
Actual Input Reference Text: 就是客人的重要度划分，分为胡桃竹木四级，往往级别越高，往来就越密。
############ 推理 ############
Processed text from the frontend (per sentence): ['毛肚脆爽,']
############ Predict Semantic Token ############
############ Synthesize Audio ############
Parallel Synthesis in Progress...
Processed text from the frontend (per sentence): ['牛油翻滚.']
############ Predict Semantic Token ############
############ Synthesize Audio ############
Parallel Synthesis in Progress...
Processed text from the frontend (per sentence): ['夜色渐深,']
############ Predict Semantic Token ############
############ Synthesize Audio ############
Parallel Synthesis in Progress...
Processed text from the frontend (per sentence): ['吃完火锅,']
############ Predict Semantic Token ############
############ Synthesize Audio ############
Parallel Synthesis in Progress...
Processed text from the frontend (per sentence): ['街边灯火通明,']
############ Predict Semantic Token ############
############ Synthesize Audio ############
Parallel Synthesis in Progress...
Processed text from the frontend (per sentence): ['九宫格里红汤沸腾.']
############ Predict Semantic Token ############
############ Synthesize Audio ############
Parallel Synthesis in Progress...
Processed text from the frontend (per sentence): ['麻辣鲜香暖到心底.']
############ Predict Semantic Token ############
############ Synthesize Audio ############
Parallel Synthesis in Progress...
Processed text from the frontend (per sentence): ['再来一碗冰粉解辣,']
############ Predict Semantic Token ############
############ Synthesize Audio ############
Parallel Synthesis in Progress...
Processed text from the frontend (per sentence): ['老板娘招呼客人入座,']
############ Predict Semantic Token ############
############ Synthesize Audio ############
Parallel Synthesis in Progress...
Processed text from the frontend (per sentence): ['惬意的生活不过如此.']
############ Predict Semantic Token ############
############ Synthesize Audio ############
Parallel Synthesis in Progress...
Processed text from the frontend (per sentence): ['重庆的火锅店终于开张了,']
############ Predict Semantic Token ############
############ Synthesize Audio ############
Parallel Synthesis in Progress...
Processed text from the frontend (per sentence): ['食客们的谈笑声此起彼伏.']
############ Predict Semantic Token ############
############ Synthesize Audio ############
Parallel Synthesis in Progress...
Processed text from the frontend (per sentence): ['这才是山城独有的烟火气,']
############ Predict Semantic Token ############
############ Synthesize Audio ############
Parallel Synthesis in Progress...
0.000	0.337	5.130	3.813
RUN2 wall=9.34s audio=28.18s RTF=0.331
Set seed to 3988031555
T2S并行推理模式已开启
Bucket Processing Mode Enabled
VITS并行推理模式已开启
Actual Input Reference Text: 就是客人的重要度划分，分为胡桃竹木四级，往往级别越高，往来就越密。
############ 推理 ############
Processed text from the frontend (per sentence): ['毛肚脆爽,']
############ Predict Semantic Token ############
############ Synthesize Audio ############
Parallel Synthesis in Progress...
Processed text from the frontend (per sentence): ['牛油翻滚.']
############ Predict Semantic Token ############
############ Synthesize Audio ############
Parallel Synthesis in Progress...
Processed text from the frontend (per sentence): ['夜色渐深,']
############ Predict Semantic Token ############
############ Synthesize Audio ############
Parallel Synthesis in Progress...
Processed text from the frontend (per sentence): ['吃完火锅,']
############ Predict Semantic Token ############
############ Synthesize Audio ############
Parallel Synthesis in Progress...
Processed text from the frontend (per sentence): ['街边灯火通明,']
############ Predict Semantic Token ############
############ Synthesize Audio ############
Parallel Synthesis in Progress...
Processed text from the frontend (per sentence): ['九宫格里红汤沸腾.']
############ Predict Semantic Token ############
############ Synthesize Audio ############
Parallel Synthesis in Progress...
Processed text from the frontend (per sentence): ['麻辣鲜香暖到心底.']
############ Predict Semantic Token ############
############ Synthesize Audio ############
Parallel Synthesis in Progress...
Processed text from the frontend (per sentence): ['再来一碗冰粉解辣,']
############ Predict Semantic Token ############
############ Synthesize Audio ############
Parallel Synthesis in Progress...
Processed text from the frontend (per sentence): ['老板娘招呼客人入座,']
############ Predict Semantic Token ############
############ Synthesize Audio ############
Parallel Synthesis in Progress...
Processed text from the frontend (per sentence): ['惬意的生活不过如此.']
############ Predict Semantic Token ############
############ Synthesize Audio ############
Parallel Synthesis in Progress...
Processed text from the frontend (per sentence): ['重庆的火锅店终于开张了,']
############ Predict Semantic Token ############
############ Synthesize Audio ############
Parallel Synthesis in Progress...
Processed text from the frontend (per sentence): ['食客们的谈笑声此起彼伏.']
############ Predict Semantic Token ############
############ Synthesize Audio ############
Parallel Synthesis in Progress...
Processed text from the frontend (per sentence): ['这才是山城独有的烟火气,']
############ Predict Semantic Token ############
############ Synthesize Audio ############
Parallel Synthesis in Progress...
0.000	0.336	5.171	3.802
RUN3 wall=9.37s audio=28.06s RTF=0.334
PY_BENCH_DONE
