Loading Text2Semantic weights from /Volumes/2T/wt-gsv/AR/pretrained_models/s1v3.ckpt
Loading VITS weights from /Volumes/2T/wt-gsv/AR/pretrained_models/v2Pro/s2Gv2ProPlus.pth. <All keys matched successfully>
Removing weight norm...
Loading BERT weights from /Volumes/2T/wt-gsv/AR/pretrained_models/chinese-roberta-wwm-ext-large
Loading CNHuBERT weights from /Volumes/2T/wt-gsv/AR/pretrained_models/chinese-hubert-base
LOADED
Set seed to 273277948
T2S朴素推理模式已开启
Bucket Processing Mode Enabled
VITS串行推理模式已开启
Actual Input Reference Text: 就是客人的重要度划分，分为胡桃竹木四级，往往级别越高，往来就越密。
############ 推理 ############
Processed text from the frontend (per sentence): ['毛肚脆爽,']
############ Predict Semantic Token ############
############ Synthesize Audio ############
前半段批量合成中...
Processed text from the frontend (per sentence): ['牛油翻滚.']
############ Predict Semantic Token ############
############ Synthesize Audio ############
前半段批量合成中...
Processed text from the frontend (per sentence): ['夜色渐深,']
############ Predict Semantic Token ############
############ Synthesize Audio ############
前半段批量合成中...
Processed text from the frontend (per sentence): ['吃完火锅,']
############ Predict Semantic Token ############
############ Synthesize Audio ############
前半段批量合成中...
Processed text from the frontend (per sentence): ['街边灯火通明,']
############ Predict Semantic Token ############
############ Synthesize Audio ############
前半段批量合成中...
Processed text from the frontend (per sentence): ['九宫格里红汤沸腾.']
############ Predict Semantic Token ############
############ Synthesize Audio ############
前半段批量合成中...
Processed text from the frontend (per sentence): ['麻辣鲜香暖到心底.']
############ Predict Semantic Token ############
############ Synthesize Audio ############
前半段批量合成中...
Processed text from the frontend (per sentence): ['再来一碗冰粉解辣,']
############ Predict Semantic Token ############
############ Synthesize Audio ############
前半段批量合成中...
Processed text from the frontend (per sentence): ['老板娘招呼客人入座,']
############ Predict Semantic Token ############
############ Synthesize Audio ############
前半段批量合成中...
Processed text from the frontend (per sentence): ['惬意的生活不过如此.']
############ Predict Semantic Token ############
############ Synthesize Audio ############
前半段批量合成中...
Processed text from the frontend (per sentence): ['重庆的火锅店终于开张了,']
############ Predict Semantic Token ############
############ Synthesize Audio ############
前半段批量合成中...
Processed text from the frontend (per sentence): ['食客们的谈笑声此起彼伏.']
############ Predict Semantic Token ############
############ Synthesize Audio ############
前半段批量合成中...
Processed text from the frontend (per sentence): ['这才是山城独有的烟火气,']
############ Predict Semantic Token ############
############ Synthesize Audio ############
前半段批量合成中...
14.716	0.684	6.242	5.654
NOPAR_AR r0 wall=28.92s audio=28.10s RTF=1.029
Set seed to 47738636
T2S朴素推理模式已开启
Bucket Processing Mode Enabled
VITS串行推理模式已开启
Actual Input Reference Text: 就是客人的重要度划分，分为胡桃竹木四级，往往级别越高，往来就越密。
############ 推理 ############
Processed text from the frontend (per sentence): ['毛肚脆爽,']
############ Predict Semantic Token ############
############ Synthesize Audio ############
前半段批量合成中...
Processed text from the frontend (per sentence): ['牛油翻滚.']
############ Predict Semantic Token ############
############ Synthesize Audio ############
前半段批量合成中...
Processed text from the frontend (per sentence): ['夜色渐深,']
############ Predict Semantic Token ############
############ Synthesize Audio ############
前半段批量合成中...
Processed text from the frontend (per sentence): ['吃完火锅,']
############ Predict Semantic Token ############
############ Synthesize Audio ############
前半段批量合成中...
Processed text from the frontend (per sentence): ['街边灯火通明,']
############ Predict Semantic Token ############
############ Synthesize Audio ############
前半段批量合成中...
Processed text from the frontend (per sentence): ['九宫格里红汤沸腾.']
############ Predict Semantic Token ############
############ Synthesize Audio ############
前半段批量合成中...
Processed text from the frontend (per sentence): ['麻辣鲜香暖到心底.']
############ Predict Semantic Token ############
############ Synthesize Audio ############
前半段批量合成中...
Processed text from the frontend (per sentence): ['再来一碗冰粉解辣,']
############ Predict Semantic Token ############
############ Synthesize Audio ############
前半段批量合成中...
Processed text from the frontend (per sentence): ['老板娘招呼客人入座,']
############ Predict Semantic Token ############
############ Synthesize Audio ############
前半段批量合成中...
Processed text from the frontend (per sentence): ['惬意的生活不过如此.']
############ Predict Semantic Token ############
############ Synthesize Audio ############
前半段批量合成中...
Processed text from the frontend (per sentence): ['重庆的火锅店终于开张了,']
############ Predict Semantic Token ############
############ Synthesize Audio ############
前半段批量合成中...
Processed text from the frontend (per sentence): ['食客们的谈笑声此起彼伏.']
############ Predict Semantic Token ############
############ Synthesize Audio ############
前半段批量合成中...
Processed text from the frontend (per sentence): ['这才是山城独有的烟火气,']
############ Predict Semantic Token ############
############ Synthesize Audio ############
前半段批量合成中...
0.000	0.352	5.684	4.415
NOPAR_AR r1 wall=10.52s audio=27.46s RTF=0.383
Set seed to 1922622497
T2S朴素推理模式已开启
Bucket Processing Mode Enabled
VITS串行推理模式已开启
Actual Input Reference Text: 就是客人的重要度划分，分为胡桃竹木四级，往往级别越高，往来就越密。
############ 推理 ############
Processed text from the frontend (per sentence): ['毛肚脆爽,']
############ Predict Semantic Token ############
############ Synthesize Audio ############
前半段批量合成中...
Processed text from the frontend (per sentence): ['牛油翻滚.']
############ Predict Semantic Token ############
############ Synthesize Audio ############
前半段批量合成中...
Processed text from the frontend (per sentence): ['夜色渐深,']
############ Predict Semantic Token ############
############ Synthesize Audio ############
前半段批量合成中...
Processed text from the frontend (per sentence): ['吃完火锅,']
############ Predict Semantic Token ############
############ Synthesize Audio ############
前半段批量合成中...
Processed text from the frontend (per sentence): ['街边灯火通明,']
############ Predict Semantic Token ############
############ Synthesize Audio ############
前半段批量合成中...
Processed text from the frontend (per sentence): ['九宫格里红汤沸腾.']
############ Predict Semantic Token ############
############ Synthesize Audio ############
前半段批量合成中...
Processed text from the frontend (per sentence): ['麻辣鲜香暖到心底.']
############ Predict Semantic Token ############
############ Synthesize Audio ############
前半段批量合成中...
Processed text from the frontend (per sentence): ['再来一碗冰粉解辣,']
############ Predict Semantic Token ############
############ Synthesize Audio ############
前半段批量合成中...
Processed text from the frontend (per sentence): ['老板娘招呼客人入座,']
############ Predict Semantic Token ############
############ Synthesize Audio ############
前半段批量合成中...
Processed text from the frontend (per sentence): ['惬意的生活不过如此.']
############ Predict Semantic Token ############
############ Synthesize Audio ############
前半段批量合成中...
Processed text from the frontend (per sentence): ['重庆的火锅店终于开张了,']
############ Predict Semantic Token ############
############ Synthesize Audio ############
前半段批量合成中...
Processed text from the frontend (per sentence): ['食客们的谈笑声此起彼伏.']
############ Predict Semantic Token ############
############ Synthesize Audio ############
前半段批量合成中...
Processed text from the frontend (per sentence): ['这才是山城独有的烟火气,']
############ Predict Semantic Token ############
############ Synthesize Audio ############
前半段批量合成中...
0.000	0.368	5.062	3.941
NOPAR_AR r2 wall=9.44s audio=27.50s RTF=0.343
Set seed to 3220498287
T2S并行推理模式已开启
Bucket Processing Mode Enabled
VITS串行推理模式已开启
Actual Input Reference Text: 就是客人的重要度划分，分为胡桃竹木四级，往往级别越高，往来就越密。
############ 推理 ############
Processed text from the frontend (per sentence): ['毛肚脆爽,']
############ Predict Semantic Token ############
############ Synthesize Audio ############
前半段批量合成中...
Processed text from the frontend (per sentence): ['牛油翻滚.']
############ Predict Semantic Token ############
############ Synthesize Audio ############
前半段批量合成中...
Processed text from the frontend (per sentence): ['夜色渐深,']
############ Predict Semantic Token ############
############ Synthesize Audio ############
前半段批量合成中...
Processed text from the frontend (per sentence): ['吃完火锅,']
############ Predict Semantic Token ############
############ Synthesize Audio ############
前半段批量合成中...
Processed text from the frontend (per sentence): ['街边灯火通明,']
############ Predict Semantic Token ############
############ Synthesize Audio ############
前半段批量合成中...
Processed text from the frontend (per sentence): ['九宫格里红汤沸腾.']
############ Predict Semantic Token ############
############ Synthesize Audio ############
前半段批量合成中...
Processed text from the frontend (per sentence): ['麻辣鲜香暖到心底.']
############ Predict Semantic Token ############
############ Synthesize Audio ############
前半段批量合成中...
Processed text from the frontend (per sentence): ['再来一碗冰粉解辣,']
############ Predict Semantic Token ############
############ Synthesize Audio ############
前半段批量合成中...
Processed text from the frontend (per sentence): ['老板娘招呼客人入座,']
############ Predict Semantic Token ############
############ Synthesize Audio ############
前半段批量合成中...
Processed text from the frontend (per sentence): ['惬意的生活不过如此.']
############ Predict Semantic Token ############
############ Synthesize Audio ############
前半段批量合成中...
Processed text from the frontend (per sentence): ['重庆的火锅店终于开张了,']
############ Predict Semantic Token ############
############ Synthesize Audio ############
前半段批量合成中...
Processed text from the frontend (per sentence): ['食客们的谈笑声此起彼伏.']
############ Predict Semantic Token ############
############ Synthesize Audio ############
前半段批量合成中...
Processed text from the frontend (per sentence): ['这才是山城独有的烟火气,']
############ Predict Semantic Token ############
############ Synthesize Audio ############
前半段批量合成中...
0.000	0.360	5.390	4.160
ARPAR_VSER r0 wall=9.97s audio=28.02s RTF=0.356
Set seed to 2241532100
T2S并行推理模式已开启
Bucket Processing Mode Enabled
VITS串行推理模式已开启
Actual Input Reference Text: 就是客人的重要度划分，分为胡桃竹木四级，往往级别越高，往来就越密。
############ 推理 ############
Processed text from the frontend (per sentence): ['毛肚脆爽,']
############ Predict Semantic Token ############
############ Synthesize Audio ############
前半段批量合成中...
Processed text from the frontend (per sentence): ['牛油翻滚.']
############ Predict Semantic Token ############
############ Synthesize Audio ############
前半段批量合成中...
Processed text from the frontend (per sentence): ['夜色渐深,']
############ Predict Semantic Token ############
############ Synthesize Audio ############
前半段批量合成中...
Processed text from the frontend (per sentence): ['吃完火锅,']
############ Predict Semantic Token ############
############ Synthesize Audio ############
前半段批量合成中...
Processed text from the frontend (per sentence): ['街边灯火通明,']
############ Predict Semantic Token ############
############ Synthesize Audio ############
前半段批量合成中...
Processed text from the frontend (per sentence): ['九宫格里红汤沸腾.']
############ Predict Semantic Token ############
############ Synthesize Audio ############
前半段批量合成中...
Processed text from the frontend (per sentence): ['麻辣鲜香暖到心底.']
############ Predict Semantic Token ############
############ Synthesize Audio ############
前半段批量合成中...
Processed text from the frontend (per sentence): ['再来一碗冰粉解辣,']
############ Predict Semantic Token ############
############ Synthesize Audio ############
前半段批量合成中...
Processed text from the frontend (per sentence): ['老板娘招呼客人入座,']
############ Predict Semantic Token ############
############ Synthesize Audio ############
前半段批量合成中...
Processed text from the frontend (per sentence): ['惬意的生活不过如此.']
############ Predict Semantic Token ############
############ Synthesize Audio ############
前半段批量合成中...
Processed text from the frontend (per sentence): ['重庆的火锅店终于开张了,']
############ Predict Semantic Token ############
############ Synthesize Audio ############
前半段批量合成中...
Processed text from the frontend (per sentence): ['食客们的谈笑声此起彼伏.']
############ Predict Semantic Token ############
############ Synthesize Audio ############
前半段批量合成中...
Processed text from the frontend (per sentence): ['这才是山城独有的烟火气,']
############ Predict Semantic Token ############
############ Synthesize Audio ############
前半段批量合成中...
0.000	0.355	5.935	5.105
ARPAR_VSER r1 wall=11.46s audio=28.98s RTF=0.395
Set seed to 518899073
T2S并行推理模式已开启
Bucket Processing Mode Enabled
VITS串行推理模式已开启
Actual Input Reference Text: 就是客人的重要度划分，分为胡桃竹木四级，往往级别越高，往来就越密。
############ 推理 ############
Processed text from the frontend (per sentence): ['毛肚脆爽,']
############ Predict Semantic Token ############
############ Synthesize Audio ############
前半段批量合成中...
Processed text from the frontend (per sentence): ['牛油翻滚.']
############ Predict Semantic Token ############
############ Synthesize Audio ############
前半段批量合成中...
Processed text from the frontend (per sentence): ['夜色渐深,']
############ Predict Semantic Token ############
############ Synthesize Audio ############
前半段批量合成中...
Processed text from the frontend (per sentence): ['吃完火锅,']
############ Predict Semantic Token ############
############ Synthesize Audio ############
前半段批量合成中...
Processed text from the frontend (per sentence): ['街边灯火通明,']
############ Predict Semantic Token ############
############ Synthesize Audio ############
前半段批量合成中...
Processed text from the frontend (per sentence): ['九宫格里红汤沸腾.']
############ Predict Semantic Token ############
############ Synthesize Audio ############
前半段批量合成中...
Processed text from the frontend (per sentence): ['麻辣鲜香暖到心底.']
############ Predict Semantic Token ############
############ Synthesize Audio ############
前半段批量合成中...
Processed text from the frontend (per sentence): ['再来一碗冰粉解辣,']
############ Predict Semantic Token ############
############ Synthesize Audio ############
前半段批量合成中...
Processed text from the frontend (per sentence): ['老板娘招呼客人入座,']
############ Predict Semantic Token ############
############ Synthesize Audio ############
前半段批量合成中...
Processed text from the frontend (per sentence): ['惬意的生活不过如此.']
############ Predict Semantic Token ############
############ Synthesize Audio ############
前半段批量合成中...
Processed text from the frontend (per sentence): ['重庆的火锅店终于开张了,']
############ Predict Semantic Token ############
############ Synthesize Audio ############
前半段批量合成中...
Processed text from the frontend (per sentence): ['食客们的谈笑声此起彼伏.']
############ Predict Semantic Token ############
############ Synthesize Audio ############
前半段批量合成中...
Processed text from the frontend (per sentence): ['这才是山城独有的烟火气,']
############ Predict Semantic Token ############
############ Synthesize Audio ############
前半段批量合成中...
0.000	0.363	5.299	4.338
ARPAR_VSER r2 wall=10.06s audio=26.62s RTF=0.378
DONE
